[2024-07-01 14:13:36.247] [jointLog] [info] setting maxHashResizeThreads to 4
[2024-07-01 14:13:36.247] [jointLog] [info] Fragment incompatibility prior below threshold.  Incompatible fragments will be ignored.
[2024-07-01 14:13:36.247] [jointLog] [info] Usage of --validateMappings implies use of minScoreFraction. Since not explicitly specified, it is being set to 0.65
[2024-07-01 14:13:36.247] [jointLog] [info] Setting consensusSlack to selective-alignment default of 0.35.
[2024-07-01 14:13:36.247] [jointLog] [info] parsing read library format
[2024-07-01 14:13:36.247] [jointLog] [info] There is 1 library.
[2024-07-01 14:13:36.248] [jointLog] [info] Loading pufferfish index
[2024-07-01 14:13:36.248] [jointLog] [info] Loading dense pufferfish index.
[2024-07-01 14:13:36.381] [jointLog] [info] done
[2024-07-01 14:13:36.462] [jointLog] [info] Index contained 6,801 targets
[2024-07-01 14:13:36.462] [jointLog] [info] Number of decoys : 0
[2024-07-01 14:13:37.081] [jointLog] [info] Automatically detected most likely library type as ISR

[2024-07-01 14:14:59.147] [jointLog] [info] Thread saw mini-batch with a maximum of 15.04% zero probability fragments
[2024-07-01 14:14:59.153] [jointLog] [info] Thread saw mini-batch with a maximum of 15.34% zero probability fragments
[2024-07-01 14:14:59.184] [jointLog] [info] Thread saw mini-batch with a maximum of 15.80% zero probability fragments
[2024-07-01 14:14:59.219] [jointLog] [info] Thread saw mini-batch with a maximum of 15.26% zero probability fragments
[2024-07-01 14:14:59.259] [jointLog] [info] Computed 11,339 rich equivalence classes for further processing
[2024-07-01 14:14:59.259] [jointLog] [info] Counted 7,864,088 total reads in the equivalence classes 
[2024-07-01 14:14:59.263] [jointLog] [info] Number of mappings discarded because of alignment score : 2,483,196
[2024-07-01 14:14:59.263] [jointLog] [info] Number of fragments entirely discarded because of alignment score : 2,380,713
[2024-07-01 14:14:59.263] [jointLog] [info] Number of fragments discarded because they are best-mapped to decoys : 0
[2024-07-01 14:14:59.263] [jointLog] [info] Number of fragments discarded because they have only dovetail (discordant) mappings to valid targets : 104,260
[2024-07-01 14:14:59.263] [jointLog] [info] Mapping rate = 63.7042%

[2024-07-01 14:14:59.263] [jointLog] [info] finished quantifyLibrary()
[2024-07-01 14:14:59.264] [jointLog] [info] Starting optimizer
[2024-07-01 14:14:59.268] [jointLog] [info] Marked 0 weighted equivalence classes as degenerate
[2024-07-01 14:14:59.269] [jointLog] [info] iteration = 0 | max rel diff. = 2125.56
[2024-07-01 14:14:59.330] [jointLog] [info] iteration = 100 | max rel diff. = 0.000620982
[2024-07-01 14:14:59.330] [jointLog] [info] Finished optimizer
[2024-07-01 14:14:59.330] [jointLog] [info] writing output 

[2024-07-01 14:14:59.259] [fileLog] [info] 
At end of round 0
==================
Observed 12344699 total fragments (12344699 in most recent round)

