[2024-07-01 14:23:52.768] [jointLog] [info] setting maxHashResizeThreads to 4
[2024-07-01 14:23:52.768] [jointLog] [info] Fragment incompatibility prior below threshold.  Incompatible fragments will be ignored.
[2024-07-01 14:23:52.768] [jointLog] [info] Usage of --validateMappings implies use of minScoreFraction. Since not explicitly specified, it is being set to 0.65
[2024-07-01 14:23:52.768] [jointLog] [info] Setting consensusSlack to selective-alignment default of 0.35.
[2024-07-01 14:23:52.768] [jointLog] [info] parsing read library format
[2024-07-01 14:23:52.768] [jointLog] [info] There is 1 library.
[2024-07-01 14:23:52.768] [jointLog] [info] Loading pufferfish index
[2024-07-01 14:23:52.768] [jointLog] [info] Loading dense pufferfish index.
[2024-07-01 14:23:52.809] [jointLog] [info] done
[2024-07-01 14:23:52.872] [jointLog] [info] Index contained 6,801 targets
[2024-07-01 14:23:52.873] [jointLog] [info] Number of decoys : 0
[2024-07-01 14:23:53.435] [jointLog] [info] Automatically detected most likely library type as ISR

[2024-07-01 14:25:05.819] [fileLog] [info] 
At end of round 0
==================
Observed 12279506 total fragments (12279506 in most recent round)

[2024-07-01 14:25:05.757] [jointLog] [info] Thread saw mini-batch with a maximum of 13.58% zero probability fragments
[2024-07-01 14:25:05.762] [jointLog] [info] Thread saw mini-batch with a maximum of 13.12% zero probability fragments
[2024-07-01 14:25:05.796] [jointLog] [info] Thread saw mini-batch with a maximum of 13.24% zero probability fragments
[2024-07-01 14:25:05.799] [jointLog] [info] Thread saw mini-batch with a maximum of 13.50% zero probability fragments
[2024-07-01 14:25:05.819] [jointLog] [info] Computed 10,455 rich equivalence classes for further processing
[2024-07-01 14:25:05.819] [jointLog] [info] Counted 7,970,768 total reads in the equivalence classes 
[2024-07-01 14:25:05.821] [jointLog] [info] Number of mappings discarded because of alignment score : 2,424,207
[2024-07-01 14:25:05.822] [jointLog] [info] Number of fragments entirely discarded because of alignment score : 2,344,969
[2024-07-01 14:25:05.822] [jointLog] [info] Number of fragments discarded because they are best-mapped to decoys : 0
[2024-07-01 14:25:05.822] [jointLog] [info] Number of fragments discarded because they have only dovetail (discordant) mappings to valid targets : 93,680
[2024-07-01 14:25:05.822] [jointLog] [info] Mapping rate = 64.9111%

[2024-07-01 14:25:05.822] [jointLog] [info] finished quantifyLibrary()
[2024-07-01 14:25:05.823] [jointLog] [info] Starting optimizer
[2024-07-01 14:25:05.826] [jointLog] [info] Marked 0 weighted equivalence classes as degenerate
[2024-07-01 14:25:05.826] [jointLog] [info] iteration = 0 | max rel diff. = 30733.3
[2024-07-01 14:25:05.873] [jointLog] [info] iteration = 100 | max rel diff. = 0.000785195
[2024-07-01 14:25:05.873] [jointLog] [info] Finished optimizer
[2024-07-01 14:25:05.873] [jointLog] [info] writing output 

