[2024-07-01 14:18:34.388] [jointLog] [info] setting maxHashResizeThreads to 4
[2024-07-01 14:18:34.388] [jointLog] [info] Fragment incompatibility prior below threshold.  Incompatible fragments will be ignored.
[2024-07-01 14:18:34.388] [jointLog] [info] Usage of --validateMappings implies use of minScoreFraction. Since not explicitly specified, it is being set to 0.65
[2024-07-01 14:18:34.388] [jointLog] [info] Setting consensusSlack to selective-alignment default of 0.35.
[2024-07-01 14:18:34.388] [jointLog] [info] parsing read library format
[2024-07-01 14:18:34.388] [jointLog] [info] There is 1 library.
[2024-07-01 14:18:34.389] [jointLog] [info] Loading pufferfish index
[2024-07-01 14:18:34.389] [jointLog] [info] Loading dense pufferfish index.
[2024-07-01 14:18:34.463] [jointLog] [info] done
[2024-07-01 14:18:34.571] [jointLog] [info] Index contained 6,801 targets
[2024-07-01 14:18:34.575] [jointLog] [info] Number of decoys : 0
[2024-07-01 14:18:35.266] [jointLog] [info] Automatically detected most likely library type as ISR

[2024-07-01 14:19:50.535] [jointLog] [info] Thread saw mini-batch with a maximum of 13.80% zero probability fragments
[2024-07-01 14:19:50.536] [jointLog] [info] Thread saw mini-batch with a maximum of 13.90% zero probability fragments
[2024-07-01 14:19:50.542] [jointLog] [info] Thread saw mini-batch with a maximum of 13.84% zero probability fragments
[2024-07-01 14:19:50.557] [jointLog] [info] Thread saw mini-batch with a maximum of 13.60% zero probability fragments
[2024-07-01 14:19:50.580] [jointLog] [info] Computed 10,739 rich equivalence classes for further processing
[2024-07-01 14:19:50.580] [jointLog] [info] Counted 7,652,548 total reads in the equivalence classes 
[2024-07-01 14:19:50.583] [jointLog] [info] Number of mappings discarded because of alignment score : 2,286,076
[2024-07-01 14:19:50.583] [jointLog] [info] Number of fragments entirely discarded because of alignment score : 2,186,271
[2024-07-01 14:19:50.583] [jointLog] [info] Number of fragments discarded because they are best-mapped to decoys : 0
[2024-07-01 14:19:50.583] [jointLog] [info] Number of fragments discarded because they have only dovetail (discordant) mappings to valid targets : 99,002
[2024-07-01 14:19:50.583] [jointLog] [info] Mapping rate = 65.3163%

[2024-07-01 14:19:50.583] [jointLog] [info] finished quantifyLibrary()
[2024-07-01 14:19:50.584] [jointLog] [info] Starting optimizer
[2024-07-01 14:19:50.588] [jointLog] [info] Marked 0 weighted equivalence classes as degenerate
[2024-07-01 14:19:50.588] [jointLog] [info] iteration = 0 | max rel diff. = 11022.4
[2024-07-01 14:19:50.629] [jointLog] [info] iteration = 100 | max rel diff. = 0.00101627
[2024-07-01 14:19:50.629] [jointLog] [info] Finished optimizer
[2024-07-01 14:19:50.629] [jointLog] [info] writing output 

[2024-07-01 14:19:50.580] [fileLog] [info] 
At end of round 0
==================
Observed 11716130 total fragments (11716130 in most recent round)

