[2024-07-01 14:16:09.865] [jointLog] [info] setting maxHashResizeThreads to 4
[2024-07-01 14:16:09.865] [jointLog] [info] Fragment incompatibility prior below threshold.  Incompatible fragments will be ignored.
[2024-07-01 14:16:09.865] [jointLog] [info] Usage of --validateMappings implies use of minScoreFraction. Since not explicitly specified, it is being set to 0.65
[2024-07-01 14:16:09.865] [jointLog] [info] Setting consensusSlack to selective-alignment default of 0.35.
[2024-07-01 14:16:09.865] [jointLog] [info] parsing read library format
[2024-07-01 14:16:09.865] [jointLog] [info] There is 1 library.
[2024-07-01 14:16:09.865] [jointLog] [info] Loading pufferfish index
[2024-07-01 14:16:09.865] [jointLog] [info] Loading dense pufferfish index.
[2024-07-01 14:16:09.907] [jointLog] [info] done
[2024-07-01 14:16:09.973] [jointLog] [info] Index contained 6,801 targets
[2024-07-01 14:16:09.973] [jointLog] [info] Number of decoys : 0
[2024-07-01 14:16:10.602] [jointLog] [info] Automatically detected most likely library type as ISR

[2024-07-01 14:17:13.894] [jointLog] [info] Thread saw mini-batch with a maximum of 12.14% zero probability fragments
[2024-07-01 14:17:13.898] [jointLog] [info] Thread saw mini-batch with a maximum of 12.38% zero probability fragments
[2024-07-01 14:17:13.917] [jointLog] [info] Thread saw mini-batch with a maximum of 12.10% zero probability fragments
[2024-07-01 14:17:13.949] [jointLog] [info] Thread saw mini-batch with a maximum of 12.26% zero probability fragments
[2024-07-01 14:17:13.972] [jointLog] [info] Computed 11,141 rich equivalence classes for further processing
[2024-07-01 14:17:13.972] [jointLog] [info] Counted 7,328,627 total reads in the equivalence classes 
[2024-07-01 14:17:13.975] [jointLog] [info] Number of mappings discarded because of alignment score : 2,178,319
[2024-07-01 14:17:13.975] [jointLog] [info] Number of fragments entirely discarded because of alignment score : 2,110,747
[2024-07-01 14:17:13.975] [jointLog] [info] Number of fragments discarded because they are best-mapped to decoys : 0
[2024-07-01 14:17:13.975] [jointLog] [info] Number of fragments discarded because they have only dovetail (discordant) mappings to valid targets : 66,449
[2024-07-01 14:17:13.975] [jointLog] [info] Mapping rate = 66.5586%

[2024-07-01 14:17:13.975] [jointLog] [info] finished quantifyLibrary()
[2024-07-01 14:17:13.976] [jointLog] [info] Starting optimizer
[2024-07-01 14:17:13.979] [jointLog] [info] Marked 0 weighted equivalence classes as degenerate
[2024-07-01 14:17:13.980] [jointLog] [info] iteration = 0 | max rel diff. = 918.784
[2024-07-01 14:17:14.026] [jointLog] [info] iteration = 100 | max rel diff. = 0.000721961
[2024-07-01 14:17:14.027] [jointLog] [info] Finished optimizer
[2024-07-01 14:17:14.027] [jointLog] [info] writing output 

[2024-07-01 14:17:13.972] [fileLog] [info] 
At end of round 0
==================
Observed 11010790 total fragments (11010790 in most recent round)

