[2024-07-01 14:11:01.828] [jointLog] [info] setting maxHashResizeThreads to 4
[2024-07-01 14:11:01.828] [jointLog] [info] Fragment incompatibility prior below threshold.  Incompatible fragments will be ignored.
[2024-07-01 14:11:01.828] [jointLog] [info] Usage of --validateMappings implies use of minScoreFraction. Since not explicitly specified, it is being set to 0.65
[2024-07-01 14:11:01.828] [jointLog] [info] Setting consensusSlack to selective-alignment default of 0.35.
[2024-07-01 14:11:01.828] [jointLog] [info] parsing read library format
[2024-07-01 14:11:01.828] [jointLog] [info] There is 1 library.
[2024-07-01 14:11:01.828] [jointLog] [info] Loading pufferfish index
[2024-07-01 14:11:01.828] [jointLog] [info] Loading dense pufferfish index.
[2024-07-01 14:11:01.870] [jointLog] [info] done
[2024-07-01 14:11:02.058] [jointLog] [info] Index contained 6,801 targets
[2024-07-01 14:11:02.059] [jointLog] [info] Number of decoys : 0
[2024-07-01 14:11:02.766] [jointLog] [info] Automatically detected most likely library type as ISR

[2024-07-01 14:12:08.129] [fileLog] [info] 
At end of round 0
==================
Observed 10006710 total fragments (10006710 in most recent round)

[2024-07-01 14:12:08.067] [jointLog] [info] Thread saw mini-batch with a maximum of 12.42% zero probability fragments
[2024-07-01 14:12:08.086] [jointLog] [info] Thread saw mini-batch with a maximum of 12.58% zero probability fragments
[2024-07-01 14:12:08.089] [jointLog] [info] Thread saw mini-batch with a maximum of 12.60% zero probability fragments
[2024-07-01 14:12:08.108] [jointLog] [info] Thread saw mini-batch with a maximum of 12.54% zero probability fragments
[2024-07-01 14:12:08.129] [jointLog] [info] Computed 10,566 rich equivalence classes for further processing
[2024-07-01 14:12:08.129] [jointLog] [info] Counted 6,547,322 total reads in the equivalence classes 
[2024-07-01 14:12:08.132] [jointLog] [info] Number of mappings discarded because of alignment score : 2,021,132
[2024-07-01 14:12:08.132] [jointLog] [info] Number of fragments entirely discarded because of alignment score : 1,963,478
[2024-07-01 14:12:08.132] [jointLog] [info] Number of fragments discarded because they are best-mapped to decoys : 0
[2024-07-01 14:12:08.132] [jointLog] [info] Number of fragments discarded because they have only dovetail (discordant) mappings to valid targets : 66,051
[2024-07-01 14:12:08.132] [jointLog] [info] Mapping rate = 65.4293%

[2024-07-01 14:12:08.132] [jointLog] [info] finished quantifyLibrary()
[2024-07-01 14:12:08.133] [jointLog] [info] Starting optimizer
[2024-07-01 14:12:08.136] [jointLog] [info] Marked 0 weighted equivalence classes as degenerate
[2024-07-01 14:12:08.136] [jointLog] [info] iteration = 0 | max rel diff. = 9546.46
[2024-07-01 14:12:08.178] [jointLog] [info] iteration = 100 | max rel diff. = 0.000989011
[2024-07-01 14:12:08.178] [jointLog] [info] Finished optimizer
[2024-07-01 14:12:08.178] [jointLog] [info] writing output 

