[2024-07-01 14:12:08.468] [jointLog] [info] setting maxHashResizeThreads to 4
[2024-07-01 14:12:08.468] [jointLog] [info] Fragment incompatibility prior below threshold.  Incompatible fragments will be ignored.
[2024-07-01 14:12:08.468] [jointLog] [info] Usage of --validateMappings implies use of minScoreFraction. Since not explicitly specified, it is being set to 0.65
[2024-07-01 14:12:08.468] [jointLog] [info] Setting consensusSlack to selective-alignment default of 0.35.
[2024-07-01 14:12:08.468] [jointLog] [info] parsing read library format
[2024-07-01 14:12:08.469] [jointLog] [info] There is 1 library.
[2024-07-01 14:12:08.469] [jointLog] [info] Loading pufferfish index
[2024-07-01 14:12:08.469] [jointLog] [info] Loading dense pufferfish index.
[2024-07-01 14:12:08.506] [jointLog] [info] done
[2024-07-01 14:12:08.567] [jointLog] [info] Index contained 6,801 targets
[2024-07-01 14:12:08.568] [jointLog] [info] Number of decoys : 0
[2024-07-01 14:12:09.175] [jointLog] [info] Automatically detected most likely library type as ISR

[2024-07-01 14:13:35.905] [jointLog] [info] Thread saw mini-batch with a maximum of 13.82% zero probability fragments
[2024-07-01 14:13:35.925] [jointLog] [info] Thread saw mini-batch with a maximum of 13.72% zero probability fragments
[2024-07-01 14:13:35.950] [jointLog] [info] Thread saw mini-batch with a maximum of 13.94% zero probability fragments
[2024-07-01 14:13:35.968] [jointLog] [info] Thread saw mini-batch with a maximum of 13.66% zero probability fragments
[2024-07-01 14:13:35.995] [jointLog] [info] Computed 10,278 rich equivalence classes for further processing
[2024-07-01 14:13:35.995] [jointLog] [info] Counted 8,004,811 total reads in the equivalence classes 
[2024-07-01 14:13:35.999] [jointLog] [info] Number of mappings discarded because of alignment score : 2,528,174
[2024-07-01 14:13:35.999] [jointLog] [info] Number of fragments entirely discarded because of alignment score : 2,452,512
[2024-07-01 14:13:35.999] [jointLog] [info] Number of fragments discarded because they are best-mapped to decoys : 0
[2024-07-01 14:13:35.999] [jointLog] [info] Number of fragments discarded because they have only dovetail (discordant) mappings to valid targets : 85,240
[2024-07-01 14:13:35.999] [jointLog] [info] Mapping rate = 64.451%

[2024-07-01 14:13:35.999] [jointLog] [info] finished quantifyLibrary()
[2024-07-01 14:13:35.999] [jointLog] [info] Starting optimizer
[2024-07-01 14:13:36.003] [jointLog] [info] Marked 0 weighted equivalence classes as degenerate
[2024-07-01 14:13:36.004] [jointLog] [info] iteration = 0 | max rel diff. = 988.18
[2024-07-01 14:13:35.995] [fileLog] [info] 
At end of round 0
==================
Observed 12419992 total fragments (12419992 in most recent round)

[2024-07-01 14:13:36.055] [jointLog] [info] iteration = 100 | max rel diff. = 0.000632789
[2024-07-01 14:13:36.055] [jointLog] [info] Finished optimizer
[2024-07-01 14:13:36.055] [jointLog] [info] writing output 

